#0 building with "default" instance using docker driver

#1 [internal] load build definition from Dockerfile
#1 transferring dockerfile: 267B done
#1 DONE 0.0s

#2 [internal] load metadata for docker.io/library/bcb-scale1000:v1
#2 DONE 0.0s

#3 [internal] load .dockerignore
#3 transferring context: 2B done
#3 DONE 0.0s

#4 [1/3] FROM docker.io/library/bcb-scale1000:v1
#4 CACHED

#5 [internal] load build context
#5 transferring context: 504B done
#5 DONE 0.0s

#6 [2/3] COPY reproducibility/scale1000/environment-v2/requirements.txt /tmp/scale1000-v2-requirements.txt
#6 DONE 0.1s

#7 [3/3] RUN python -m pip install --no-cache-dir --disable-pip-version-check -r /tmp/scale1000-v2-requirements.txt
#7 2.034 Collecting audioread==3.0.1 (from -r /tmp/scale1000-v2-requirements.txt (line 4))
#7 2.244   Downloading audioread-3.0.1-py3-none-any.whl.metadata (8.4 kB)
#7 2.306 Collecting librosa==0.10.1 (from -r /tmp/scale1000-v2-requirements.txt (line 5))
#7 2.339   Downloading librosa-0.10.1-py3-none-any.whl.metadata (8.3 kB)
#7 2.541 Collecting llvmlite==0.41.1 (from -r /tmp/scale1000-v2-requirements.txt (line 6))
#7 2.573   Downloading llvmlite-0.41.1-cp311-cp311-manylinux_2_17_x86_64.manylinux2014_x86_64.whl.metadata (4.8 kB)
#7 2.806 Collecting numba==0.58.1 (from -r /tmp/scale1000-v2-requirements.txt (line 7))
#7 2.838   Downloading numba-0.58.1-cp311-cp311-manylinux2014_x86_64.manylinux_2_17_x86_64.whl.metadata (2.7 kB)
#7 2.895 Collecting pooch==1.8.2 (from -r /tmp/scale1000-v2-requirements.txt (line 8))
#7 2.927   Downloading pooch-1.8.2-py3-none-any.whl.metadata (10 kB)
#7 3.065 Collecting soxr==0.3.7 (from -r /tmp/scale1000-v2-requirements.txt (line 9))
#7 3.198   Downloading soxr-0.3.7-cp311-cp311-manylinux_2_17_x86_64.manylinux2014_x86_64.whl.metadata (5.5 kB)
#7 3.230 Requirement already satisfied: numpy!=1.22.0,!=1.22.1,!=1.22.2,>=1.20.3 in /usr/local/lib/python3.11/site-packages (from librosa==0.10.1->-r /tmp/scale1000-v2-requirements.txt (line 5)) (1.26.4)
#7 3.237 Requirement already satisfied: scipy>=1.2.0 in /usr/local/lib/python3.11/site-packages (from librosa==0.10.1->-r /tmp/scale1000-v2-requirements.txt (line 5)) (1.10.1)
#7 3.239 Requirement already satisfied: scikit-learn>=0.20.0 in /usr/local/lib/python3.11/site-packages (from librosa==0.10.1->-r /tmp/scale1000-v2-requirements.txt (line 5)) (1.3.1)
#7 3.241 Requirement already satisfied: joblib>=0.14 in /usr/local/lib/python3.11/site-packages (from librosa==0.10.1->-r /tmp/scale1000-v2-requirements.txt (line 5)) (1.6.0)
#7 3.294 Collecting decorator>=4.3.0 (from librosa==0.10.1->-r /tmp/scale1000-v2-requirements.txt (line 5))
#7 3.324   Downloading decorator-5.3.1-py3-none-any.whl.metadata (3.9 kB)
#7 3.333 Requirement already satisfied: soundfile>=0.12.1 in /usr/local/lib/python3.11/site-packages (from librosa==0.10.1->-r /tmp/scale1000-v2-requirements.txt (line 5)) (0.12.1)
#7 3.343 Requirement already satisfied: typing-extensions>=4.1.1 in /usr/local/lib/python3.11/site-packages (from librosa==0.10.1->-r /tmp/scale1000-v2-requirements.txt (line 5)) (4.16.0)
#7 3.345 Requirement already satisfied: lazy-loader>=0.1 in /usr/local/lib/python3.11/site-packages (from librosa==0.10.1->-r /tmp/scale1000-v2-requirements.txt (line 5)) (0.5)
#7 3.529 Collecting msgpack>=1.0 (from librosa==0.10.1->-r /tmp/scale1000-v2-requirements.txt (line 5))
#7 3.562   Downloading msgpack-1.2.2-cp311-cp311-manylinux2014_x86_64.manylinux_2_17_x86_64.manylinux_2_28_x86_64.whl.metadata (8.3 kB)
#7 3.667 Collecting platformdirs>=2.5.0 (from pooch==1.8.2->-r /tmp/scale1000-v2-requirements.txt (line 8))
#7 3.698   Downloading platformdirs-4.11.7-py3-none-any.whl.metadata (5.5 kB)
#7 3.706 Requirement already satisfied: packaging>=20.0 in /usr/local/lib/python3.11/site-packages (from pooch==1.8.2->-r /tmp/scale1000-v2-requirements.txt (line 8)) (26.3)
#7 3.708 Requirement already satisfied: requests>=2.19.0 in /usr/local/lib/python3.11/site-packages (from pooch==1.8.2->-r /tmp/scale1000-v2-requirements.txt (line 8)) (2.34.2)
#7 3.745 Requirement already satisfied: cloudpickle>=3.0 in /usr/local/lib/python3.11/site-packages (from joblib>=0.14->librosa==0.10.1->-r /tmp/scale1000-v2-requirements.txt (line 5)) (3.1.2)
#7 3.790 Requirement already satisfied: charset_normalizer<4,>=2 in /usr/local/lib/python3.11/site-packages (from requests>=2.19.0->pooch==1.8.2->-r /tmp/scale1000-v2-requirements.txt (line 8)) (3.5.1)
#7 3.791 Requirement already satisfied: idna<4,>=2.5 in /usr/local/lib/python3.11/site-packages (from requests>=2.19.0->pooch==1.8.2->-r /tmp/scale1000-v2-requirements.txt (line 8)) (3.19)
#7 3.793 Requirement already satisfied: urllib3<3,>=1.26 in /usr/local/lib/python3.11/site-packages (from requests>=2.19.0->pooch==1.8.2->-r /tmp/scale1000-v2-requirements.txt (line 8)) (2.7.0)
#7 3.794 Requirement already satisfied: certifi>=2023.5.7 in /usr/local/lib/python3.11/site-packages (from requests>=2.19.0->pooch==1.8.2->-r /tmp/scale1000-v2-requirements.txt (line 8)) (2026.7.22)
#7 3.841 Requirement already satisfied: threadpoolctl>=2.0.0 in /usr/local/lib/python3.11/site-packages (from scikit-learn>=0.20.0->librosa==0.10.1->-r /tmp/scale1000-v2-requirements.txt (line 5)) (3.6.0)
#7 3.874 Requirement already satisfied: cffi>=1.0 in /usr/local/lib/python3.11/site-packages (from soundfile>=0.12.1->librosa==0.10.1->-r /tmp/scale1000-v2-requirements.txt (line 5)) (2.1.1)
#7 3.885 Requirement already satisfied: pycparser in /usr/local/lib/python3.11/site-packages (from cffi>=1.0->soundfile>=0.12.1->librosa==0.10.1->-r /tmp/scale1000-v2-requirements.txt (line 5)) (3.0)
#7 3.954 Downloading audioread-3.0.1-py3-none-any.whl (23 kB)
#7 3.996 Downloading librosa-0.10.1-py3-none-any.whl (253 kB)
#7 4.074    ━━━━━━━━━━━━━━━━━━━━━━━━━━━━━━━━━━━━━━━━ 253.7/253.7 kB 3.5 MB/s eta 0:00:00
#7 4.106 Downloading llvmlite-0.41.1-cp311-cp311-manylinux_2_17_x86_64.manylinux2014_x86_64.whl (43.6 MB)
#7 5.541    ━━━━━━━━━━━━━━━━━━━━━━━━━━━━━━━━━━━━━━━━ 43.6/43.6 MB 33.4 MB/s eta 0:00:00
#7 5.572 Downloading numba-0.58.1-cp311-cp311-manylinux2014_x86_64.manylinux_2_17_x86_64.whl (3.6 MB)
#7 5.688    ━━━━━━━━━━━━━━━━━━━━━━━━━━━━━━━━━━━━━━━━ 3.6/3.6 MB 32.5 MB/s eta 0:00:00
#7 5.718 Downloading pooch-1.8.2-py3-none-any.whl (64 kB)
#7 5.722    ━━━━━━━━━━━━━━━━━━━━━━━━━━━━━━━━━━━━━━━━ 64.6/64.6 kB 78.0 MB/s eta 0:00:00
#7 5.759 Downloading soxr-0.3.7-cp311-cp311-manylinux_2_17_x86_64.manylinux2014_x86_64.whl (1.3 MB)
#7 5.798    ━━━━━━━━━━━━━━━━━━━━━━━━━━━━━━━━━━━━━━━━ 1.3/1.3 MB 34.9 MB/s eta 0:00:00
#7 5.829 Downloading decorator-5.3.1-py3-none-any.whl (10 kB)
#7 5.859 Downloading msgpack-1.2.2-cp311-cp311-manylinux2014_x86_64.manylinux_2_17_x86_64.manylinux_2_28_x86_64.whl (422 kB)
#7 5.873    ━━━━━━━━━━━━━━━━━━━━━━━━━━━━━━━━━━━━━━━━ 422.9/422.9 kB 34.8 MB/s eta 0:00:00
#7 5.902 Downloading platformdirs-4.11.7-py3-none-any.whl (23 kB)
#7 7.570 Installing collected packages: soxr, platformdirs, msgpack, llvmlite, decorator, audioread, pooch, numba, librosa
#7 10.70 Successfully installed audioread-3.0.1 decorator-5.3.1 librosa-0.10.1 llvmlite-0.41.1 msgpack-1.2.2 numba-0.58.1 platformdirs-4.11.7 pooch-1.8.2 soxr-0.3.7
#7 10.70 WARNING: Running pip as the 'root' user can result in broken permissions and conflicting behaviour with the system package manager. It is recommended to use a virtual environment instead: https://pip.pypa.io/warnings/venv
#7 DONE 12.2s

#8 exporting to image
#8 exporting layers
#8 exporting layers 0.8s done
#8 writing image sha256:afeb8d78b76f6a7b1fbf427d78a55bd35dbfcf58387711b47f8a8ba00e16b580
#8 writing image sha256:afeb8d78b76f6a7b1fbf427d78a55bd35dbfcf58387711b47f8a8ba00e16b580 done
#8 naming to docker.io/library/bcb-scale1000:v2 done
#8 DONE 0.8s

View build details: docker-desktop://dashboard/build/default/default/lcuva5pk4gixjt5fqdn00uwdt
